Starting Load Importer Test...
Using Company: Elite Freight Solutions (cmlnteuwm0000uoj4bj8il0h7)
Using MC: MC-234567
Testing with Unique Entities: TestDrvr_1771259526431, TRK_1771259526431, Cust_1771259526431
node.exe : Import Failed: PrismaClientValidationError: 
At line:1 char:1
+ & "C:\Program Files\nodejs/node.exe" "C:\Program Files\nodejs/node_mo ...
+ ~~~~~~~~~~~~~~~~~~~~~~~~~~~~~~~~~~~~~~~~~~~~~~~~~~~~~~~~~~~~~~~~~~~~~
    + CategoryInfo          : NotSpecified: (Import Failed: ...lidationError: :String) [], RemoteException
    + FullyQualifiedErrorId : NativeCommandError
 
Invalid `this.prisma.load.createMany()` invocation in
C:\Users\Adrian\Documents\GITHUB-PROJECTS\TMS-TRUCKING\lib\managers\import\services\LoadPersistenceService.ts:91:40

  88 }).filter(Boolean);
  89 
  90 if (valid.length > 0) {
ΓåÆ 91     await this.prisma.load.createMany({
           data: [
             {
               loadNumber: "LOAD-1771259526431-1",
               customerId: "cmlpe637o0001uoyk3g5khp9i",
               loadType: "FTL",
               equipmentType: "DRY_VAN",
               pickupLocation: "Unknown",
               pickupCity: "Unknown",
               pickupState: "",
               pickupZip: "00000",
               pickupDate: new Date("2023-01-01T00:00:00.000Z"),
               deliveryLocation: "Unknown",
               deliveryCity: "Unknown",
               deliveryState: "",
               deliveryZip: "00000",
               deliveryDate: new Date("2023-01-02T00:00:00.000Z"),
               weight: null,
               pieces: null,
               pallets: null,
               temperature: null,
               hazmat: false,
               hazmatClass: null,
               revenue: 1500,
               driverPay: 0,
               fuelAdvance: 0,
               loadedMiles: 500,
               emptyMiles: 0,
               totalMiles: 500,
               dispatcherId: undefined,
               createdById: "cmlntf612001muoj4a1846ga8",
               mcNumberId: "cmlntewxk000buoj4f2p4r6hm",
               driverId: null,
               truckId: null,
               trailerId: null,
               revenuePerMile: null,
               serviceFee: null,
               stopsCount: null,
               totalPay: null,
               companyId: "cmlnteuwm0000uoj4bj8il0h7",
               status: "PENDING",
               importBatchId: undefined
             },
             {
               loadNumber: "LOAD-1771259526431-2",
               customerId: "cmlpe637o0001uoyk3g5khp9i",
               loadType: "FTL",
               equipmentType: "DRY_VAN",
               pickupLocation: "Unknown",
               pickupCity: "Unknown",
               pickupState: "",
               pickupZip: "00000",
               pickupDate: new Date("2023-01-03T00:00:00.000Z"),
               deliveryLocation: "Unknown",
               deliveryCity: "Unknown",
               deliveryState: "",
               deliveryZip: "00000",
               deliveryDate: new Date("2023-01-04T00:00:00.000Z"),
               weight: null,
               pieces: null,
               pallets: null,
               temperature: null,
               hazmat: false,
               hazmatClass: null,
               revenue: 2000,
               driverPay: 0,
               fuelAdvance: 0,
               loadedMiles: 600,
               emptyMiles: 0,
               totalMiles: 600,
               dispatcherId: undefined,
               createdById: "cmlntf612001muoj4a1846ga8",
               mcNumberId: "cmlntewxk000buoj4f2p4r6hm",
               driverId: null,
               truckId: null,
               trailerId: null,
               revenuePerMile: null,
               serviceFee: null,
               stopsCount: null,
               totalPay: null,
               companyId: "cmlnteuwm0000uoj4bj8il0h7",
               status: "PENDING",
               importBatchId: undefined
             }
           ],
           skipDuplicates: true
         })

Argument `weight` is missing.
    at throwValidationException (C:\Users\Adrian\Documents\GITHUB-PROJECTS\TMS-TRUCKING\node_modules\@prisma\client\src\runtime\core\errorR
endering\throwValidationException.ts:45:9)
    at ei.handleRequestError 
(C:\Users\Adrian\Documents\GITHUB-PROJECTS\TMS-TRUCKING\node_modules\@prisma\client\src\runtime\RequestHandler.ts:202:7)
    at ei.handleAndLogRequestError 
(C:\Users\Adrian\Documents\GITHUB-PROJECTS\TMS-TRUCKING\node_modules\@prisma\client\src\runtime\RequestHandler.ts:174:12)
    at ei.request (C:\Users\Adrian\Documents\GITHUB-PROJECTS\TMS-TRUCKING\node_modules\@prisma\client\src\runtime\RequestHandler.ts:143:12)
    at async a (C:\Users\Adrian\Documents\GITHUB-PROJECTS\TMS-TRUCKING\node_modules\@prisma\client\src\runtime\getPrismaClient.ts:833:24)
    at async LoadPersistenceService.executeCreateBatch 
(C:\Users\Adrian\Documents\GITHUB-PROJECTS\TMS-TRUCKING\lib\managers\import\services\LoadPersistenceService.ts:91:17)
    at async LoadPersistenceService.persist 
(C:\Users\Adrian\Documents\GITHUB-PROJECTS\TMS-TRUCKING\lib\managers\import\services\LoadPersistenceService.ts:58:34)
    at async LoadImporter.importLoads (C:\Users\Adrian\Documents\GITHUB-PROJECTS\TMS-TRUCKING\lib\managers\import\LoadImporter.ts:64:31)
    at async main (C:\Users\Adrian\Documents\GITHUB-PROJECTS\TMS-TRUCKING\scripts\test-load-import.ts:88:24) {
  clientVersion: '6.19.1'
}

--- Verification ---
Drivers Found (Expected 1): 0
Trucks Found (Expected 1): 0
Customers Found (Expected 1): 0
Loads Created (Expected 2): 0
FAILURE: Duplicate counts or missing data detected.
