lib/managers/import/InvoiceImporter.ts(6,14): error TS2515: Non-abstract class 'InvoiceImporter' does not implement inherited abstract member import from class 'BaseImporter'.
lib/managers/import/SettlementImporter.ts(6,14): error TS2515: Non-abstract class 'SettlementImporter' does not implement inherited abstract member import from class 'BaseImporter'.
